// Jest Snapshot v1, https://goo.gl/fbAQLP

exports[`<Footer /> it renders correctly 1`] = `ShallowWrapper {}`;
